11
40
-12
617
599
27045
251363
1258817
2507514
12419592
253778358
